
> red-box-app@1.0.0 build
> vite build

[36mvite v5.4.21 [32mbuilding for production...[36m[39m
transforming...
[32mΓ£ô[39m 94 modules transformed.
node.exe : [31mx[39m 
Build failed in 716ms
At C:\Program Files\nod
ejs\npm.ps1:29 char:3
+   & $NODE_EXE 
$NPM_CLI_JS $args
+   ~~~~~~~~~~~~~~~~~~~
~~~~~~~~~~
    + CategoryInfo     
         : NotSpecifi  
  ed: ([31mx[39m B   
 uild failed in 716    
ms:String) [], Rem    
oteException
    + FullyQualifiedEr 
   rorId : NativeComm  
  andError
 
[31merror during 
build:
[31msrc/pages/Verifica
tionSubmissionPage.jsx 
(4:13): "storage" is 
not exported by "src/se
rvices/firebase.js", 
imported by "src/pages/
VerificationSubmissionP
age.jsx".[31m
file: [36mC:/Users/kra
ti/OneDrive/Desktop/red
-box-app/src/pages/Veri
ficationSubmissionPage.
jsx:4:13[31m
[33m
2: import { 
collection, addDoc, 
serverTimestamp } from 
'firebase/firestore';
3: import { ref, 
uploadBytes, 
getDownloadURL } from 
'firebase/storage';
4: import { db, 
storage } from 
'../services/firebase';
                ^
5: import { useAuth } 
from '../context/AuthCo
ntext';
6: import { useToast } 
from '../context/ToastC
ontext';
[31m
    at getRollupError (
file:///C:/Users/krati/
OneDrive/Desktop/red-bo
x-app/node_modules/roll
up/dist/es/shared/parse
Ast.js:402:41)
    at error (file:///C
:/Users/krati/OneDrive/
Desktop/red-box-app/nod
e_modules/rollup/dist/e
s/shared/parseAst.js:39
8:42)
    at Module.error (fi
le:///C:/Users/krati/On
eDrive/Desktop/red-box-
app/node_modules/rollup
/dist/es/shared/node-en
try.js:17040:16)
    at 
Module.traceVariable (f
ile:///C:/Users/krati/O
neDrive/Desktop/red-box
-app/node_modules/rollu
p/dist/es/shared/node-e
ntry.js:17452:29)
    at ModuleScope.find
Variable (file:///C:/Us
ers/krati/OneDrive/Desk
top/red-box-app/node_mo
dules/rollup/dist/es/sh
ared/node-entry.js:1507
0:39)
    at FunctionScope.fi
ndVariable (file:///C:/
Users/krati/OneDrive/De
sktop/red-box-app/node_
modules/rollup/dist/es/
shared/node-entry.js:56
73:38)
    at FunctionBodyScop
e.findVariable (file://
/C:/Users/krati/OneDriv
e/Desktop/red-box-app/n
ode_modules/rollup/dist
/es/shared/node-entry.j
s:5673:38)
    at ReturnValueScope
.findVariable (file:///
C:/Users/krati/OneDrive
/Desktop/red-box-app/no
de_modules/rollup/dist/
es/shared/node-entry.js
:5673:38)
    at FunctionBodyScop
e.findVariable (file://
/C:/Users/krati/OneDriv
e/Desktop/red-box-app/n
ode_modules/rollup/dist
/es/shared/node-entry.j
s:5673:38)
    at BlockScope.findV
ariable (file:///C:/Use
rs/krati/OneDrive/Deskt
op/red-box-app/node_mod
ules/rollup/dist/es/sha
red/node-entry.js:5673:
38)[39m
